Creating environment: hatch-test.py3.13
Installing project in development mode
Checking dependencies
Syncing dependencies
============================= test session starts ==============================
platform linux -- Python 3.13.11, pytest-8.4.2, pluggy-1.6.0 -- /home/runner/.local/share/hatch/env/virtual/strands-agents/s8Ez09FR/hatch-test.py3.13/bin/python3
cachedir: .pytest_cache
rootdir: /home/runner/work/sdk-python/sdk-python
configfile: pyproject.toml
plugins: asyncio-1.2.0, anyio-4.12.0, cov-7.0.0, xdist-3.8.0
asyncio: mode=Mode.STRICT, debug=False, asyncio_default_fixture_loop_scope=function, asyncio_default_test_loop_scope=function
created: 4/4 workers
4 workers [4 items]

scheduling tests via LoadScheduling

tests/strands/hooks/test_registry.py::test_hook_registry_add_callback_agent_init_coroutine 
tests/strands/hooks/test_registry.py::test_hook_registry_invoke_callbacks_coroutine 
tests/strands/hooks/test_registry.py::test_hook_registry_invoke_callbacks_async_interrupt 
tests/strands/hooks/test_registry.py::test_hook_registry_invoke_callbacks_async_interrupt_name_clash 
[gw0] [ 25%] PASSED tests/strands/hooks/test_registry.py::test_hook_registry_add_callback_agent_init_coroutine 
[gw2] [ 50%] PASSED tests/strands/hooks/test_registry.py::test_hook_registry_invoke_callbacks_async_interrupt_name_clash 
[gw3] [ 75%] PASSED tests/strands/hooks/test_registry.py::test_hook_registry_invoke_callbacks_coroutine 
[gw1] [100%] PASSED tests/strands/hooks/test_registry.py::test_hook_registry_invoke_callbacks_async_interrupt 

=============================== warnings summary ===============================
src/strands/experimental/hooks/__init__.py:3
src/strands/experimental/hooks/__init__.py:3
src/strands/experimental/hooks/__init__.py:3
src/strands/experimental/hooks/__init__.py:3
  /home/runner/work/sdk-python/sdk-python/src/strands/experimental/hooks/__init__.py:3: DeprecationWarning: BeforeModelCallEvent, AfterModelCallEvent, BeforeToolCallEvent, and AfterToolCallEvent are no longer experimental.Import from strands.hooks instead.
    from .events import (

-- Docs: https://docs.pytest.org/en/stable/how-to/capture-warnings.html
======================== 4 passed, 4 warnings in 2.33s =========================
